Enter list 1: Enter list 2: 
List 1: [1] -> [2] -> [4] -> [8] -> [9] -> X
List 2: [3] -> [5] -> [6] -> X
Merged: [1] -> [2] -> [3] -> [4] -> [5] -> [6] -> [8] -> [9] -> X
