Enter list 1: Enter list 2: 
List 1: [3] -> [5] -> [6] -> [8] -> X
List 2: [1] -> [2] -> [4] -> [7] -> [8] -> X
Merged: [1] -> [2] -> [3] -> [4] -> [5] -> [6] -> [7] -> [8] -> [8] -> X
