Enter list 1: Enter list 2: 
List 1: [2] -> [3] -> [5] -> [6] -> [9] -> X
List 2: X
Merged: [2] -> [3] -> [5] -> [6] -> [9] -> X
