Enter list 1: Enter list 2: 
List 1: X
List 2: [1] -> [3] -> [4] -> [5] -> [6] -> [8] -> [9] -> X
Merged: [1] -> [3] -> [4] -> [5] -> [6] -> [8] -> [9] -> X
