Enter the preorder traversal of the tree: Enter the in-order traversal of the tree: Enter depth: 
Tree:

      4
     / \
    /   \
   /     \
  2       6
 / \     / \
1   3   5   7

Copy of the tree up to depth 1:

  4
 / \
2   6

