Enter list: 
Original list: X
After deleting largest: X
