Enter list 1: Enter list 2: 
Set 1: {}
Set 2: {6, 3, 2, 8, 5, 9}
Intersection: {}
