Enter the preorder traversal of the BST: 
BST:

6

Values in postfix order: 6 
