Enter number of vertices: Enter number of edges: Enter 7 edges in the form `v w` (no quotes):
Number of vertices: 7
Number of edges: 7
Edges:
 0: 1 6
 1: 0 2
 2: 1 3
 3: 2 4
 4: 3 5
 5: 4 6
 6: 0 5

Enter two vertices: The shortest distance between vertices 4 and 2 is: 2
Enter two vertices: The shortest distance between vertices 4 and 0 is: 3
Enter two vertices: The shortest distance between vertices 1 and 5 is: 3
Enter two vertices: The shortest distance between vertices 6 and 0 is: 1
Enter two vertices: 