Enter number of vertices: Enter number of edges: Enter 14 edges in the form `v w` (no quotes):
Number of vertices: 13
Number of edges: 14
Edges:
 0: 5
 1: 2 3 4
 2: 1 3 4 12
 3: 1 2 4
 4: 1 2 3
 5: 0 6
 6: 5 7
 7: 6 8
 8: 7 9 10
 9: 8
10: 8 11
11: 10
12: 2

Enter the source vertex: Furthest vertex reachable from vertex 2: 12
Enter the source vertex: Furthest vertex reachable from vertex 3: 12
Enter the source vertex: Furthest vertex reachable from vertex 10: 0
Enter the source vertex: Furthest vertex reachable from vertex 6: 11
Enter the source vertex: Furthest vertex reachable from vertex 7: 11
Enter the source vertex: 