Enter list 1: Enter list 2: 
Set 1: {}
Set 2: {8, 5, 2, 9, 1}
Difference: {}
