Enter list: Enter value to insert: Enter position to insert at: 
Original list: [16] -> [7] -> [8] -> X
List after inserting 12 at position 0: [12] -> [16] -> [7] -> [8] -> X
