Enter list: Enter value to insert: Enter position to insert at: 
Original list: [42] -> X
List after inserting 16 at position 0: [16] -> [42] -> X
