Enter list: Enter value to insert: Enter position to insert at: 
Original list: X
List after inserting 2 at position 0: [2] -> X
