Enter the preorder traversal of the BST: 
BST:

    6
   / \
  5   8
 /     \
2       9

bstGetSmallest returned: 2
