Enter the preorder traversal of the BST: 
BST:

  6
 / \
3   9
 \
  4

bstGetSmallest returned: 3
