Enter the preorder traversal of the BST: 
BST:

5
 \
  8
 / \
6   9

bstGetSmallest returned: 5
