Enter the preorder traversal of the BST: 
BST:

        8
       /
      4
     / \
    /   \
   /     \
  2       6
 / \     / \
1   3   5   7

bstGetSmallest returned: 1
