Enter the preorder traversal of the BST: 
BST:

8

bstGetSmallest returned: 8
