Enter the preorder traversal of the BST: 
BST:

X

bstGetSmallest returned: NULL
