Enter number of vertices: Enter number of edges: Enter 7 edges in the form `v w` (no quotes):
Number of vertices: 12
Number of edges: 7
Edges:
 0: 1
 1: 0
 2: 3
 3: 2 4
 4: 3
 5: 9 10
 6:
 7:
 8:
 9: 5 11
10: 5 11
11: 9 10

Enter the source vertex: Number of vertices reachable from vertex 1: 2
Enter the source vertex: Number of vertices reachable from vertex 3: 3
Enter the source vertex: Number of vertices reachable from vertex 6: 1
Enter the source vertex: Number of vertices reachable from vertex 9: 4
Enter the source vertex: 