Enter the preorder traversal of the BST: 
BST:

    5
   / \
  3   7
 /     \
2       8

BST after deleting largest:

    5
   / \
  3   7
 /
2

The largest value was 8
