Enter the preorder traversal of the BST: 
BST:

2
 \
  3
   \
    7
   /
  5

BST after deleting largest:

2
 \
  3
   \
    5

The largest value was 7
