Enter list 1: Enter list 2: 
List 1: [7] -> [2] -> [8] -> X
List 2: [5] -> [1] -> [4] -> [9] -> [3] -> [6] -> X
Zipped: [7] -> [5] -> [2] -> [1] -> [8] -> [4] -> [9] -> [3] -> [6] -> X
