Enter list 1: Enter list 2: 
List 1: [4] -> [3] -> [7] -> [2] -> [9] -> X
List 2: [6] -> [1] -> X
Zipped: [4] -> [6] -> [3] -> [1] -> [7] -> [2] -> [9] -> X
