Enter list 1: Enter list 2: 
List 1: X
List 2: [1] -> [7] -> [3] -> [8] -> [5] -> [2] -> [4] -> X
Zipped: [1] -> [7] -> [3] -> [8] -> [5] -> [2] -> [4] -> X
