Enter list 1: Enter list 2: 
List 1: [5] -> [3] -> [7] -> [1] -> [8] -> [6] -> X
List 2: X
Zipped: [5] -> [3] -> [7] -> [1] -> [8] -> [6] -> X
