Enter list 1: Enter list 2: 
List 1: [5] -> X
List 2: [9] -> [8] -> [6] -> [4] -> [2] -> [1] -> X
Zipped: [5] -> [9] -> [8] -> [6] -> [4] -> [2] -> [1] -> X
