Enter list: Enter k: 
list: [2] -> [2] -> [2] -> [2] -> [2] -> [2] -> [2] -> X
listIsKPeriodic returned TRUE
