Enter list: Enter k: 
list: [2] -> [2] -> [2] -> [2] -> [2] -> [2] -> [3] -> X
listIsKPeriodic returned FALSE
