Enter list: Enter k: 
list: [2] -> [3] -> [2] -> [3] -> [2] -> [3] -> [2] -> X
listIsKPeriodic returned TRUE
