Enter list: Enter k: 
list: [2] -> [3] -> [4] -> [2] -> [3] -> [4] -> [2] -> X
listIsKPeriodic returned FALSE
