Enter list: Enter k: 
list: [2] -> [3] -> [4] -> [3] -> [4] -> [3] -> [4] -> X
listIsKPeriodic returned FALSE
