Enter list: Enter k: 
list: [2] -> [3] -> [4] -> [5] -> [6] -> [7] -> [8] -> X
listIsKPeriodic returned FALSE
