Enter list: 
Original list: [4] -> [2] -> [6] -> [5] -> [4] -> [1] -> [7] -> [2] -> [3] -> [5] -> [4] -> [1] -> [2] -> [6] -> [4] -> [7] -> [2] -> [3] -> [4] -> [6] -> [8] -> X
After deleting duplicates: [4] -> [2] -> [6] -> [5] -> [1] -> [7] -> [3] -> [8] -> X
