Enter list: 
Original list: [1] -> [1] -> [1] -> [1] -> [1] -> [1] -> [1] -> [1] -> [1] -> [1] -> [1] -> [1] -> [1] -> X
After deleting duplicates: [1] -> X
