Enter list: 
Original list: X
After deleting duplicates: X
